// Vitest Snapshot v1, https://vitest.dev/guide/snapshot.html

exports[`Pruebas en el componente Board > debe coincidir con el snapshot 1`] = `
<body>
  <div>
    <div
      class="board"
    >
      <div
        class="column"
        data-testid="column-0"
      >
        <div
          class="cell  "
          data-testid="cell-0-0"
        />
        <div
          class="cell  "
          data-testid="cell-0-1"
        />
        <div
          class="cell  "
          data-testid="cell-0-2"
        />
        <div
          class="cell  "
          data-testid="cell-0-3"
        />
        <div
          class="cell  "
          data-testid="cell-0-4"
        />
        <div
          class="cell  "
          data-testid="cell-0-5"
        />
      </div>
      <div
        class="column"
        data-testid="column-1"
      >
        <div
          class="cell  "
          data-testid="cell-1-0"
        />
        <div
          class="cell  "
          data-testid="cell-1-1"
        />
        <div
          class="cell  "
          data-testid="cell-1-2"
        />
        <div
          class="cell  "
          data-testid="cell-1-3"
        />
        <div
          class="cell  "
          data-testid="cell-1-4"
        />
        <div
          class="cell  "
          data-testid="cell-1-5"
        />
      </div>
      <div
        class="column"
        data-testid="column-2"
      >
        <div
          class="cell  "
          data-testid="cell-2-0"
        />
        <div
          class="cell  "
          data-testid="cell-2-1"
        />
        <div
          class="cell  "
          data-testid="cell-2-2"
        />
        <div
          class="cell  "
          data-testid="cell-2-3"
        />
        <div
          class="cell  "
          data-testid="cell-2-4"
        />
        <div
          class="cell  "
          data-testid="cell-2-5"
        />
      </div>
      <div
        class="column"
        data-testid="column-3"
      >
        <div
          class="cell  "
          data-testid="cell-3-0"
        />
        <div
          class="cell  "
          data-testid="cell-3-1"
        />
        <div
          class="cell  "
          data-testid="cell-3-2"
        />
        <div
          class="cell  "
          data-testid="cell-3-3"
        />
        <div
          class="cell  "
          data-testid="cell-3-4"
        />
        <div
          class="cell  "
          data-testid="cell-3-5"
        />
      </div>
      <div
        class="column"
        data-testid="column-4"
      >
        <div
          class="cell  "
          data-testid="cell-4-0"
        />
        <div
          class="cell  "
          data-testid="cell-4-1"
        />
        <div
          class="cell  "
          data-testid="cell-4-2"
        />
        <div
          class="cell  "
          data-testid="cell-4-3"
        />
        <div
          class="cell  "
          data-testid="cell-4-4"
        />
        <div
          class="cell  "
          data-testid="cell-4-5"
        />
      </div>
      <div
        class="column"
        data-testid="column-5"
      >
        <div
          class="cell  "
          data-testid="cell-5-0"
        />
        <div
          class="cell  "
          data-testid="cell-5-1"
        />
        <div
          class="cell  "
          data-testid="cell-5-2"
        />
        <div
          class="cell  "
          data-testid="cell-5-3"
        />
        <div
          class="cell  "
          data-testid="cell-5-4"
        />
        <div
          class="cell  "
          data-testid="cell-5-5"
        />
      </div>
      <div
        class="column"
        data-testid="column-6"
      >
        <div
          class="cell  "
          data-testid="cell-6-0"
        />
        <div
          class="cell  "
          data-testid="cell-6-1"
        />
        <div
          class="cell  "
          data-testid="cell-6-2"
        />
        <div
          class="cell  "
          data-testid="cell-6-3"
        />
        <div
          class="cell  "
          data-testid="cell-6-4"
        />
        <div
          class="cell  "
          data-testid="cell-6-5"
        />
      </div>
    </div>
  </div>
</body>
`;
