// Vitest Snapshot v1, https://vitest.dev/guide/snapshot.html

exports[`Test de Box > Snapshot del Box 1`] = `[Function]`;
