// Vitest Snapshot v1, https://vitest.dev/guide/snapshot.html

exports[`Test de Player > Snapshot del Player 1`] = `[Function]`;
