// Vitest Snapshot v1, https://vitest.dev/guide/snapshot.html

exports[`Modal > Matches the snapshot 1`] = `
<DocumentFragment>
  <article
    class="modal"
  >
    <div
      class="modal__wrapper"
    >
      <h2
        class="modal__title"
      >
        titleModal
      </h2>
      <section
        class="modal__content"
      >
        Content Modal
      </section>
      <section
        class="modal__action"
      >
        <button
          class="modal__button"
          type="button"
        >
          buttonLabel
        </button>
      </section>
    </div>
  </article>
</DocumentFragment>
`;
