// Vitest Snapshot v1, https://vitest.dev/guide/snapshot.html

exports[`TitleSection > Matches the snapshot 1`] = `
<DocumentFragment>
  <h2
    class="title-section"
  >
    title
  </h2>
</DocumentFragment>
`;
