// Vitest Snapshot v1, https://vitest.dev/guide/snapshot.html

exports[`useCustomForm hook > hooks respond correctly 1`] = `
<DocumentFragment>
  <div
    class="board-layout"
  >
    <form
      class="form"
    >
      <h2>
        Configuraci√≥n de Jugadores
      </h2>
      <h3>
        Jugador 1
      </h3>
      <label>
        Nombre:
        <input
          name="player1.name"
          placeholder="Ingresa un nombre"
          role="input"
          type="text"
        />
      </label>
      <label>
        Color:
        <select
          name="player1.color"
        >
          <option
            value=""
          >
            Selecciona un color
          </option>
          <option
            value="red"
          >
            Rojo
          </option>
          <option
            value="blue"
          >
            Azul
          </option>
        </select>
      </label>
      <h3>
        Jugador 2
      </h3>
      <label>
        Nombre:
        <input
          name="player2.name"
          placeholder="Ingresa un nombre"
          type="text"
        />
      </label>
      <label>
        Color:
        <select
          name="player2.color"
        >
          <option
            value=""
          >
            Selecciona un color
          </option>
          <option
            value="red"
          >
            Rojo
          </option>
          <option
            value="blue"
          >
            Azul
          </option>
        </select>
      </label>
      <button>
        Iniciar Juego
      </button>
    </form>
  </div>
</DocumentFragment>
`;
